------------------------------------------------------------
Timing Analyzer Summary
------------------------------------------------------------

Type  : Slow 1200mV 85C Model Setup 'clock_selector:clock_selector|slow_clock:slow_clock|clkout'
Slack : -42.370
TNS   : -929.971

Type  : Slow 1200mV 85C Model Setup 'transceiver:transceiver|ready1'
Slack : -6.391
TNS   : -125.384

Type  : Slow 1200mV 85C Model Setup 'clk_in'
Slack : -5.859
TNS   : -1381.070

Type  : Slow 1200mV 85C Model Setup 'Processor:Processor|ALU:ALU|AC[1]'
Slack : -4.282
TNS   : -28.726

Type  : Slow 1200mV 85C Model Setup 'Processor:Processor|statemachine:statemachine|load_instruction'
Slack : -1.245
TNS   : -19.920

Type  : Slow 1200mV 85C Model Hold 'clk_in'
Slack : 0.401
TNS   : 0.000

Type  : Slow 1200mV 85C Model Hold 'transceiver:transceiver|ready1'
Slack : 0.402
TNS   : 0.000

Type  : Slow 1200mV 85C Model Hold 'clock_selector:clock_selector|slow_clock:slow_clock|clkout'
Slack : 0.405
TNS   : 0.000

Type  : Slow 1200mV 85C Model Hold 'Processor:Processor|ALU:ALU|AC[1]'
Slack : 0.875
TNS   : 0.000

Type  : Slow 1200mV 85C Model Hold 'Processor:Processor|statemachine:statemachine|load_instruction'
Slack : 1.533
TNS   : 0.000

Type  : Slow 1200mV 85C Model Minimum Pulse Width 'clk_in'
Slack : -3.000
TNS   : -665.507

Type  : Slow 1200mV 85C Model Minimum Pulse Width 'Processor:Processor|statemachine:statemachine|load_instruction'
Slack : -2.693
TNS   : -43.088

Type  : Slow 1200mV 85C Model Minimum Pulse Width 'clock_selector:clock_selector|slow_clock:slow_clock|clkout'
Slack : -1.285
TNS   : -208.170

Type  : Slow 1200mV 85C Model Minimum Pulse Width 'transceiver:transceiver|ready1'
Slack : -1.285
TNS   : -26.985

Type  : Slow 1200mV 85C Model Minimum Pulse Width 'Processor:Processor|ALU:ALU|AC[1]'
Slack : 0.417
TNS   : 0.000

Type  : Slow 1200mV 0C Model Setup 'clock_selector:clock_selector|slow_clock:slow_clock|clkout'
Slack : -38.149
TNS   : -832.763

Type  : Slow 1200mV 0C Model Setup 'transceiver:transceiver|ready1'
Slack : -5.812
TNS   : -113.673

Type  : Slow 1200mV 0C Model Setup 'clk_in'
Slack : -5.248
TNS   : -1225.073

Type  : Slow 1200mV 0C Model Setup 'Processor:Processor|ALU:ALU|AC[1]'
Slack : -4.028
TNS   : -27.094

Type  : Slow 1200mV 0C Model Setup 'Processor:Processor|statemachine:statemachine|load_instruction'
Slack : -1.024
TNS   : -16.384

Type  : Slow 1200mV 0C Model Hold 'clk_in'
Slack : 0.353
TNS   : 0.000

Type  : Slow 1200mV 0C Model Hold 'transceiver:transceiver|ready1'
Slack : 0.354
TNS   : 0.000

Type  : Slow 1200mV 0C Model Hold 'clock_selector:clock_selector|slow_clock:slow_clock|clkout'
Slack : 0.356
TNS   : 0.000

Type  : Slow 1200mV 0C Model Hold 'Processor:Processor|ALU:ALU|AC[1]'
Slack : 0.853
TNS   : 0.000

Type  : Slow 1200mV 0C Model Hold 'Processor:Processor|statemachine:statemachine|load_instruction'
Slack : 1.374
TNS   : 0.000

Type  : Slow 1200mV 0C Model Minimum Pulse Width 'clk_in'
Slack : -3.000
TNS   : -656.971

Type  : Slow 1200mV 0C Model Minimum Pulse Width 'Processor:Processor|statemachine:statemachine|load_instruction'
Slack : -2.649
TNS   : -42.384

Type  : Slow 1200mV 0C Model Minimum Pulse Width 'clock_selector:clock_selector|slow_clock:slow_clock|clkout'
Slack : -1.285
TNS   : -208.170

Type  : Slow 1200mV 0C Model Minimum Pulse Width 'transceiver:transceiver|ready1'
Slack : -1.285
TNS   : -26.985

Type  : Slow 1200mV 0C Model Minimum Pulse Width 'Processor:Processor|ALU:ALU|AC[1]'
Slack : 0.431
TNS   : 0.000

Type  : Fast 1200mV 0C Model Setup 'clock_selector:clock_selector|slow_clock:slow_clock|clkout'
Slack : -20.197
TNS   : -427.190

Type  : Fast 1200mV 0C Model Setup 'clk_in'
Slack : -2.881
TNS   : -626.796

Type  : Fast 1200mV 0C Model Setup 'transceiver:transceiver|ready1'
Slack : -2.551
TNS   : -49.047

Type  : Fast 1200mV 0C Model Setup 'Processor:Processor|ALU:ALU|AC[1]'
Slack : -1.608
TNS   : -10.390

Type  : Fast 1200mV 0C Model Setup 'Processor:Processor|statemachine:statemachine|load_instruction'
Slack : 0.132
TNS   : 0.000

Type  : Fast 1200mV 0C Model Hold 'clock_selector:clock_selector|slow_clock:slow_clock|clkout'
Slack : 0.179
TNS   : 0.000

Type  : Fast 1200mV 0C Model Hold 'clk_in'
Slack : 0.181
TNS   : 0.000

Type  : Fast 1200mV 0C Model Hold 'transceiver:transceiver|ready1'
Slack : 0.181
TNS   : 0.000

Type  : Fast 1200mV 0C Model Hold 'Processor:Processor|ALU:ALU|AC[1]'
Slack : 0.323
TNS   : 0.000

Type  : Fast 1200mV 0C Model Hold 'Processor:Processor|statemachine:statemachine|load_instruction'
Slack : 0.448
TNS   : 0.000

Type  : Fast 1200mV 0C Model Minimum Pulse Width 'clk_in'
Slack : -3.000
TNS   : -337.086

Type  : Fast 1200mV 0C Model Minimum Pulse Width 'clock_selector:clock_selector|slow_clock:slow_clock|clkout'
Slack : -1.000
TNS   : -162.000

Type  : Fast 1200mV 0C Model Minimum Pulse Width 'transceiver:transceiver|ready1'
Slack : -1.000
TNS   : -21.000

Type  : Fast 1200mV 0C Model Minimum Pulse Width 'Processor:Processor|statemachine:statemachine|load_instruction'
Slack : -1.000
TNS   : -16.000

Type  : Fast 1200mV 0C Model Minimum Pulse Width 'Processor:Processor|ALU:ALU|AC[1]'
Slack : 0.266
TNS   : 0.000

------------------------------------------------------------
